Archive member included to satisfy reference by file (symbol)

C:/ST/STM32CubeIDE_1.15.0/STM32CubeIDE/plugins/com.st.stm32cube.ide.mcu.externaltools.gnu-tools-for-stm32.12.3.rel1.win32_1.0.100.202403111256/tools/bin/../lib/gcc/arm-none-eabi/12.3.1/../../../../arm-none-eabi/lib/thumb/v7e-m+fp/hard\libc_nano.a(libc_a-exit.o)
                              C:/ST/STM32CubeIDE_1.15.0/STM32CubeIDE/plugins/com.st.stm32cube.ide.mcu.externaltools.gnu-tools-for-stm32.12.3.rel1.win32_1.0.100.202403111256/tools/bin/../lib/gcc/arm-none-eabi/12.3.1/../../../../arm-none-eabi/lib/thumb/v7e-m+fp/hard/crt0.o (exit)
C:/ST/STM32CubeIDE_1.15.0/STM32CubeIDE/plugins/com.st.stm32cube.ide.mcu.externaltools.gnu-tools-for-stm32.12.3.rel1.win32_1.0.100.202403111256/tools/bin/../lib/gcc/arm-none-eabi/12.3.1/../../../../arm-none-eabi/lib/thumb/v7e-m+fp/hard\libc_nano.a(libc_a-findfp.o)
                              C:/ST/STM32CubeIDE_1.15.0/STM32CubeIDE/plugins/com.st.stm32cube.ide.mcu.externaltools.gnu-tools-for-stm32.12.3.rel1.win32_1.0.100.202403111256/tools/bin/../lib/gcc/arm-none-eabi/12.3.1/../../../../arm-none-eabi/lib/thumb/v7e-m+fp/hard\libc_nano.a(libc_a-exit.o) (__stdio_exit_handler)
C:/ST/STM32CubeIDE_1.15.0/STM32CubeIDE/plugins/com.st.stm32cube.ide.mcu.externaltools.gnu-tools-for-stm32.12.3.rel1.win32_1.0.100.202403111256/tools/bin/../lib/gcc/arm-none-eabi/12.3.1/../../../../arm-none-eabi/lib/thumb/v7e-m+fp/hard\libc_nano.a(libc_a-fwalk.o)
                              C:/ST/STM32CubeIDE_1.15.0/STM32CubeIDE/plugins/com.st.stm32cube.ide.mcu.externaltools.gnu-tools-for-stm32.12.3.rel1.win32_1.0.100.202403111256/tools/bin/../lib/gcc/arm-none-eabi/12.3.1/../../../../arm-none-eabi/lib/thumb/v7e-m+fp/hard\libc_nano.a(libc_a-findfp.o) (_fwalk_sglue)
C:/ST/STM32CubeIDE_1.15.0/STM32CubeIDE/plugins/com.st.stm32cube.ide.mcu.externaltools.gnu-tools-for-stm32.12.3.rel1.win32_1.0.100.202403111256/tools/bin/../lib/gcc/arm-none-eabi/12.3.1/../../../../arm-none-eabi/lib/thumb/v7e-m+fp/hard\libc_nano.a(libc_a-stdio.o)
                              C:/ST/STM32CubeIDE_1.15.0/STM32CubeIDE/plugins/com.st.stm32cube.ide.mcu.externaltools.gnu-tools-for-stm32.12.3.rel1.win32_1.0.100.202403111256/tools/bin/../lib/gcc/arm-none-eabi/12.3.1/../../../../arm-none-eabi/lib/thumb/v7e-m+fp/hard\libc_nano.a(libc_a-findfp.o) (__sread)
C:/ST/STM32CubeIDE_1.15.0/STM32CubeIDE/plugins/com.st.stm32cube.ide.mcu.externaltools.gnu-tools-for-stm32.12.3.rel1.win32_1.0.100.202403111256/tools/bin/../lib/gcc/arm-none-eabi/12.3.1/../../../../arm-none-eabi/lib/thumb/v7e-m+fp/hard\libc_nano.a(libc_a-memset.o)
                              C:/ST/STM32CubeIDE_1.15.0/STM32CubeIDE/plugins/com.st.stm32cube.ide.mcu.externaltools.gnu-tools-for-stm32.12.3.rel1.win32_1.0.100.202403111256/tools/bin/../lib/gcc/arm-none-eabi/12.3.1/../../../../arm-none-eabi/lib/thumb/v7e-m+fp/hard/crt0.o (memset)
C:/ST/STM32CubeIDE_1.15.0/STM32CubeIDE/plugins/com.st.stm32cube.ide.mcu.externaltools.gnu-tools-for-stm32.12.3.rel1.win32_1.0.100.202403111256/tools/bin/../lib/gcc/arm-none-eabi/12.3.1/../../../../arm-none-eabi/lib/thumb/v7e-m+fp/hard\libc_nano.a(libc_a-closer.o)
                              C:/ST/STM32CubeIDE_1.15.0/STM32CubeIDE/plugins/com.st.stm32cube.ide.mcu.externaltools.gnu-tools-for-stm32.12.3.rel1.win32_1.0.100.202403111256/tools/bin/../lib/gcc/arm-none-eabi/12.3.1/../../../../arm-none-eabi/lib/thumb/v7e-m+fp/hard\libc_nano.a(libc_a-stdio.o) (_close_r)
C:/ST/STM32CubeIDE_1.15.0/STM32CubeIDE/plugins/com.st.stm32cube.ide.mcu.externaltools.gnu-tools-for-stm32.12.3.rel1.win32_1.0.100.202403111256/tools/bin/../lib/gcc/arm-none-eabi/12.3.1/../../../../arm-none-eabi/lib/thumb/v7e-m+fp/hard\libc_nano.a(libc_a-reent.o)
                              C:/ST/STM32CubeIDE_1.15.0/STM32CubeIDE/plugins/com.st.stm32cube.ide.mcu.externaltools.gnu-tools-for-stm32.12.3.rel1.win32_1.0.100.202403111256/tools/bin/../lib/gcc/arm-none-eabi/12.3.1/../../../../arm-none-eabi/lib/thumb/v7e-m+fp/hard\libc_nano.a(libc_a-closer.o) (errno)
C:/ST/STM32CubeIDE_1.15.0/STM32CubeIDE/plugins/com.st.stm32cube.ide.mcu.externaltools.gnu-tools-for-stm32.12.3.rel1.win32_1.0.100.202403111256/tools/bin/../lib/gcc/arm-none-eabi/12.3.1/../../../../arm-none-eabi/lib/thumb/v7e-m+fp/hard\libc_nano.a(libc_a-impure.o)
                              C:/ST/STM32CubeIDE_1.15.0/STM32CubeIDE/plugins/com.st.stm32cube.ide.mcu.externaltools.gnu-tools-for-stm32.12.3.rel1.win32_1.0.100.202403111256/tools/bin/../lib/gcc/arm-none-eabi/12.3.1/../../../../arm-none-eabi/lib/thumb/v7e-m+fp/hard\libc_nano.a(libc_a-reent.o) (_impure_ptr)
C:/ST/STM32CubeIDE_1.15.0/STM32CubeIDE/plugins/com.st.stm32cube.ide.mcu.externaltools.gnu-tools-for-stm32.12.3.rel1.win32_1.0.100.202403111256/tools/bin/../lib/gcc/arm-none-eabi/12.3.1/../../../../arm-none-eabi/lib/thumb/v7e-m+fp/hard\libc_nano.a(libc_a-lseekr.o)
[...]
Memory Configuration

Name             Origin             Length             Attributes
CCMRAM           0x10000000         0x00010000         xrw
RAM              0x20000000         0x00020000         xrw
FLASH            0x08000000         0x00100000         xr
*default*        0x00000000         0xffffffff

Linker script and memory map

LOAD C:/ST/STM32CubeIDE_1.15.0/STM32CubeIDE/plugins/com.st.stm32cube.ide.mcu.externaltools.gnu-tools-for-stm32.12.3.rel1.win32_1.0.100.202403111256/tools/bin/../lib/gcc/arm-none-eabi/12.3.1/thumb/v7e-m+fp/hard/crti.o
LOAD C:/ST/STM32CubeIDE_1.15.0/STM32CubeIDE/plugins/com.st.stm32cube.ide.mcu.externaltools.gnu-tools-for-stm32.12.3.rel1.win32_1.0.100.202403111256/tools/bin/../lib/gcc/arm-none-eabi/12.3.1/thumb/v7e-m+fp/hard/crtbegin.o
LOAD C:/ST/STM32CubeIDE_1.15.0/STM32CubeIDE/plugins/com.st.stm32cube.ide.mcu.externaltools.gnu-tools-for-stm32.12.3.rel1.win32_1.0.100.202403111256/tools/bin/../lib/gcc/arm-none-eabi/12.3.1/../../../../arm-none-eabi/lib/thumb/v7e-m+fp/hard/crt0.o
LOAD ./Core/Src/gpio.o
LOAD ./Core/Src/main.o
LOAD ./Core/Src/nrf24l01.o
LOAD ./Core/Src/nrf24l01p.o
LOAD ./Core/Src/spi.o
LOAD ./Core/Src/stm32f4xx_hal_msp.o
LOAD ./Core/Src/stm32f4xx_it.o
LOAD ./Core/Src/syscalls.o
LOAD ./Core/Src/sysmem.o
LOAD ./Core/Src/system_stm32f4xx.o
LOAD ./Core/Startup/startup_stm32f407vgtx.o
LOAD ./Drivers/STM32F4xx_HAL_Driver/Src/stm32f4xx_hal.o
LOAD ./Drivers/STM32F4xx_HAL_Driver/Src/stm32f4xx_hal_cortex.o
LOAD ./Drivers/STM32F4xx_HAL_Driver/Src/stm32f4xx_hal_dma.o
LOAD ./Drivers/STM32F4xx_HAL_Driver/Src/stm32f4xx_hal_dma_ex.o
LOAD ./Drivers/STM32F4xx_HAL_Driver/Src/stm32f4xx_hal_exti.o
LOAD ./Drivers/STM32F4xx_HAL_Driver/Src/stm32f4xx_hal_flash.o
LOAD ./Drivers/STM32F4xx_HAL_Driver/Src/stm32f4xx_hal_flash_ex.o
LOAD ./Drivers/STM32F4xx_HAL_Driver/Src/stm32f4xx_hal_flash_ramfunc.o
LOAD ./Drivers/STM32F4xx_HAL_Driver/Src/stm32f4xx_hal_gpio.o
LOAD ./Drivers/STM32F4xx_HAL_Driver/Src/stm32f4xx_hal_pwr.o
LOAD ./Drivers/STM32F4xx_HAL_Driver/Src/stm32f4xx_hal_pwr_ex.o
LOAD ./Drivers/STM32F4xx_HAL_Driver/Src/stm32f4xx_hal_rcc.o
LOAD ./Drivers/STM32F4xx_HAL_Driver/Src/stm32f4xx_hal_rcc_ex.o
LOAD ./Drivers/STM32F4xx_HAL_Driver/Src/stm32f4xx_hal_spi.o
LOAD ./Drivers/STM32F4xx_HAL_Driver/Src/stm32f4xx_hal_tim.o
LOAD ./Drivers/STM32F4xx_HAL_Driver/Src/stm32f4xx_hal_tim_ex.o
START GROUP
LOAD C:/ST/STM32CubeIDE_1.15.0/STM32CubeIDE/plugins/com.st.stm32cube.ide.mcu.externaltools.gnu-tools-for-stm32.12.3.rel1.win32_1.0.100.202403111256/tools/bin/../lib/gcc/arm-none-eabi/12.3.1/../../../../arm-none-eabi/lib/thumb/v7e-m+fp/hard\libc_nano.a
LOAD C:/ST/STM32CubeIDE_1.15.0/STM32CubeIDE/plugins/com.st.stm32cube.ide.mcu.externaltools.gnu-tools-for-stm32.12.3.rel1.win32_1.0.100.202403111256/tools/bin/../lib/gcc/arm-none-eabi/12.3.1/../../../../arm-none-eabi/lib/thumb/v7e-m+fp/hard\libm.a
END GROUP
START GROUP
LOAD C:/ST/STM32CubeIDE_1.15.0/STM32CubeIDE/plugins/com.st.stm32cube.ide.mcu.externaltools.gnu-tools-for-stm32.12.3.rel1.win32_1.0.100.202403111256/tools/bin/../lib/gcc/arm-none-eabi/12.3.1/thumb/v7e-m+fp/hard\libgcc.a
LOAD C:/ST/STM32CubeIDE_1.15.0/STM32CubeIDE/plugins/com.st.stm32cube.ide.mcu.externaltools.gnu-tools-for-stm32.12.3.rel1.win32_1.0.100.202403111256/tools/bin/../lib/gcc/arm-none-eabi/12.3.1/../../../../arm-none-eabi/lib/thumb/v7e-m+fp/hard\libc_nano.a
END GROUP
START GROUP
LOAD C:/ST/STM32CubeIDE_1.15.0/STM32CubeIDE/plugins/com.st.stm32cube.ide.mcu.externaltools.gnu-tools-for-stm32.12.3.rel1.win32_1.0.100.202403111256/tools/bin/../lib/gcc/arm-none-eabi/12.3.1/thumb/v7e-m+fp/hard\libgcc.a
LOAD C:/ST/STM32CubeIDE_1.15.0/STM32CubeIDE/plugins/com.st.stm32cube.ide.mcu.externaltools.gnu-tools-for-stm32.12.3.rel1.win32_1.0.100.202403111256/tools/bin/../lib/gcc/arm-none-eabi/12.3.1/../../../../arm-none-eabi/lib/thumb/v7e-m+fp/hard\libc_nano.a
LOAD C:/ST/STM32CubeIDE_1.15.0/STM32CubeIDE/plugins/com.st.stm32cube.ide.mcu.externaltools.gnu-tools-for-stm32.12.3.rel1.win32_1.0.100.202403111256/tools/bin/../lib/gcc/arm-none-eabi/12.3.1/../../../../arm-none-eabi/lib/thumb/v7e-m+fp/hard\libnosys.a
END GROUP
START GROUP
LOAD C:/ST/STM32CubeIDE_1.15.0/STM32CubeIDE/plugins/com.st.stm32cube.ide.mcu.externaltools.gnu-tools-for-stm32.12.3.rel1.win32_1.0.100.202403111256/tools/bin/../lib/gcc/arm-none-eabi/12.3.1/thumb/v7e-m+fp/hard\libgcc.a
LOAD C:/ST/STM32CubeIDE_1.15.0/STM32CubeIDE/plugins/com.st.stm32cube.ide.mcu.externaltools.gnu-tools-for-stm32.12.3.rel1.win32_1.0.100.202403111256/tools/bin/../lib/gcc/arm-none-eabi/12.3.1/../../../../arm-none-eabi/lib/thumb/v7e-m+fp/hard\libc_nano.a
LOAD C:/ST/STM32CubeIDE_1.15.0/STM32CubeIDE/plugins/com.st.stm32cube.ide.mcu.externaltools.gnu-tools-for-stm32.12.3.rel1.win32_1.0.100.202403111256/tools/bin/../lib/gcc/arm-none-eabi/12.3.1/../../../../arm-none-eabi/lib/thumb/v7e-m+fp/hard\libnosys.a
END GROUP
LOAD C:/ST/STM32CubeIDE_1.15.0/STM32CubeIDE/plugins/com.st.stm32cube.ide.mcu.externaltools.gnu-tools-for-stm32.12.3.rel1.win32_1.0.100.202403111256/tools/bin/../lib/gcc/arm-none-eabi/12.3.1/thumb/v7e-m+fp/hard/crtend.o
LOAD C:/ST/STM32CubeIDE_1.15.0/STM32CubeIDE/plugins/com.st.stm32cube.ide.mcu.externaltools.gnu-tools-for-stm32.12.3.rel1.win32_1.0.100.202403111256/tools/bin/../lib/gcc/arm-none-eabi/12.3.1/thumb/v7e-m+fp/hard/crtn.o
                0x20020000                        _estack = (ORIGIN (RAM) + LENGTH (RAM))
                0x00000200                        _Min_Heap_Size = 0x200
                0x00000400                        _Min_Stack_Size = 0x400

.isr_vector     0x08000000      0x188
                0x08000000                        . = ALIGN (0x4)
 *(.isr_vector)
 .isr_vector    0x08000000      0x188 ./Core/Startup/startup_stm32f407vgtx.o
                0x08000000                g_pfnVectors
                0x08000188                        . = ALIGN (0x4)

.text           0x08000188     0x3598
                0x08000188                        . = ALIGN (0x4)
 *(.text)
 .text          0x08000188       0x40 C:/ST/STM32CubeIDE_1.15.0/STM32CubeIDE/plugins/com.st.stm32cube.ide.mcu.externaltools.gnu-tools-for-stm32.12.3.rel1.win32_1.0.100.202403111256/tools/bin/../lib/gcc/arm-none-eabi/12.3.1/thumb/v7e-m+fp/hard/crtbegin.o
 .text          0x080001c8       0x30 C:/ST/STM32CubeIDE_1.15.0/STM32CubeIDE/plugins/com.st.stm32cube.ide.mcu.externaltools.gnu-tools-for-stm32.12.3.rel1.win32_1.0.100.202403111256/tools/bin/../lib/gcc/arm-none-eabi/12.3.1/thumb/v7e-m+fp/hard\libgcc.a(_aeabi_uldivmod.o)
                0x080001c8                __aeabi_uldivmod
 .text          0x080001f8      0x2bc C:/ST/STM32CubeIDE_1.15.0/STM32CubeIDE/plugins/com.st.stm32cube.ide.mcu.externaltools.gnu-tools-for-stm32.12.3.rel1.win32_1.0.100.202403111256/tools/bin/../lib/gcc/arm-none-eabi/12.3.1/thumb/v7e-m+fp/hard\libgcc.a(_udivmoddi4.o)
                0x080001f8                __udivmoddi4
 .text          0x080004b4        0x4 C:/ST/STM32CubeIDE_1.15.0/STM32CubeIDE/plugins/com.st.stm32cube.ide.mcu.externaltools.gnu-tools-for-stm32.12.3.rel1.win32_1.0.100.202403111256/tools/bin/../lib/gcc/arm-none-eabi/12.3.1/thumb/v7e-m+fp/hard\libgcc.a(_dvmd_tls.o)
                0x080004b4                __aeabi_idiv0
                0x080004b4                __aeabi_ldiv0
 *(.text*)
 .text.MX_GPIO_Init
                0x080004b8      0x180 ./Core/Src/gpio.o
                0x080004b8                MX_GPIO_Init
 .text.main     0x08000638      0x104 ./Core/Src/main.o
                0x08000638                main
 .text.SystemClock_Config
                0x0800073c       0xd4 ./Core/Src/main.o
                0x0800073c                SystemClock_Config
 .text.HAL_GPIO_EXTI_Callback
                0x08000810       0x50 ./Core/Src/main.o
                0x08000810                HAL_GPIO_EXTI_Callback
 .text.Error_Handler
                0x08000860        0xc ./Core/Src/main.o
                0x08000860                Error_Handler
 .text.NRF24L01_ReadRegister
                0x0800086c       0x60 ./Core/Src/nrf24l01.o
                0x0800086c                NRF24L01_ReadRegister
 .text.NRF24L01_WriteRegister
                0x080008cc       0x64 ./Core/Src/nrf24l01.o
                0x080008cc                NRF24L01_WriteRegister
 .text.NRF24L01_WriteRegisterMulti
                0x08000930       0x6c ./Core/Src/nrf24l01.o
                0x08000930                NRF24L01_WriteRegisterMulti
 .text.NRF24L01_RxInit
                0x0800099c       0xac ./Core/Src/nrf24l01.o
                0x0800099c                NRF24L01_RxInit
 .text.NRF24L01_Reset
                0x08000a48      0x18c ./Core/Src/nrf24l01.o
                0x08000a48                NRF24L01_Reset
 .text.NRF24L01_PRxMode
                0x08000bd4       0x34 ./Core/Src/nrf24l01.o
                0x08000bd4                NRF24L01_PRxMode
 .text.NRF24L01_RxReceive
                0x08000c08       0x42 ./Core/Src/nrf24l01.o
                0x08000c08                NRF24L01_RxReceive
 .text.NRF24L01_ClearRxDR
                0x08000c4a       0x32 ./Core/Src/nrf24l01.o
                0x08000c4a                NRF24L01_ClearRxDR
 .text.NRF24L01_ReadRxFIFO
                0x08000c7c       0x5c ./Core/Src/nrf24l01.o
                0x08000c7c                NRF24L01_ReadRxFIFO
 .text.NRF24L01_FlushRxFIFO
                0x08000cd8       0x4c ./Core/Src/nrf24l01.o
                0x08000cd8                NRF24L01_FlushRxFIFO
 .text.NRF24L01_FlushTxFIFO
                0x08000d24       0x4c ./Core/Src/nrf24l01.o
                0x08000d24                NRF24L01_FlushTxFIFO
 .text.NRF24L01_PowerUp
                0x08000d70       0x34 ./Core/Src/nrf24l01.o
                0x08000d70                NRF24L01_PowerUp
 .text.NRF24L01_EnableRxAddress
                0x08000da4       0x38 ./Core/Src/nrf24l01.o
                0x08000da4                NRF24L01_EnableRxAddress
 .text.NRF24L01_SetAddressWidths
                0x08000ddc       0x28 ./Core/Src/nrf24l01.o
                0x08000ddc                NRF24L01_SetAddressWidths
 .text.NRF24L01_SetRxAddress
                0x08000e04      0x170 ./Core/Src/nrf24l01.o
                0x08000e04                NRF24L01_SetRxAddress
 .text.NRF24L01_SetRxPayloadWidths
                0x08000f74       0x60 ./Core/Src/nrf24l01.o
                0x08000f74                NRF24L01_SetRxPayloadWidths
 .text.NRF24L01_SetCRCLength
                0x08000fd4       0x5e ./Core/Src/nrf24l01.o
                0x08000fd4                NRF24L01_SetCRCLength
 .text.NRF24L01_SetAutoACK
                0x08001032       0x56 ./Core/Src/nrf24l01.o
                0x08001032                NRF24L01_SetAutoACK
 .text.NRF24L01_AutoRetransmitCount
                0x08001088       0x3e ./Core/Src/nrf24l01.o
                0x08001088                NRF24L01_AutoRetransmitCount
 *fill*         0x080010c6        0x2 
 .text.NRF24L01_AutoRetransmitDelay
                0x080010c8       0x58 ./Core/Src/nrf24l01.o
                0x080010c8                NRF24L01_AutoRetransmitDelay
 .text.NRF24L01_SetRFChannel
                0x08001120       0x24 ./Core/Src/nrf24l01.o
                0x08001120                NRF24L01_SetRFChannel
 .text.NRF24L01_SetRFTxOutputPower
                0x08001144       0x46 ./Core/Src/nrf24l01.o
                0x08001144                NRF24L01_SetRFTxOutputPower
 .text.NRF24L01_SetRFAirDataRate
                0x0800118a       0x64 ./Core/Src/nrf24l01.o
                0x0800118a                NRF24L01_SetRFAirDataRate
 *fill*         0x080011ee        0x2 
 .text.NRF24L01_GetStatus
                0x080011f0       0x50 ./Core/Src/nrf24l01.o
                0x080011f0                NRF24L01_GetStatus
 .text.cs_high  0x08001240       0x18 ./Core/Src/nrf24l01p.o
 .text.cs_low   0x08001258       0x18 ./Core/Src/nrf24l01p.o
 .text.ce_high  0x08001270       0x18 ./Core/Src/nrf24l01p.o
 .text.ce_low   0x08001288       0x18 ./Core/Src/nrf24l01p.o
 .text.read_register
                0x080012a0       0x4c ./Core/Src/nrf24l01p.o
 .text.write_register
                0x080012ec       0x5c ./Core/Src/nrf24l01p.o
 .text.nrf24l01p_tx_init
                0x08001348       0x56 ./Core/Src/nrf24l01p.o
                0x08001348                nrf24l01p_tx_init
 .text.nrf24l01p_tx_transmit
                0x0800139e       0x16 ./Core/Src/nrf24l01p.o
                0x0800139e                nrf24l01p_tx_transmit
 .text.nrf24l01p_tx_irq
                0x080013b4       0x48 ./Core/Src/nrf24l01p.o
                0x080013b4                nrf24l01p_tx_irq
 .text.nrf24l01p_reset
                0x080013fc       0xa8 ./Core/Src/nrf24l01p.o
                0x080013fc                nrf24l01p_reset
 .text.nrf24l01p_ptx_mode
                0x080014a4       0x2a ./Core/Src/nrf24l01p.o
                0x080014a4                nrf24l01p_ptx_mode
 *fill*         0x080014ce        0x2 
 .text.nrf24l01p_write_tx_fifo
                0x080014d0       0x48 ./Core/Src/nrf24l01p.o
                0x080014d0                nrf24l01p_write_tx_fifo
 .text.nrf24l01p_flush_rx_fifo
                0x08001518       0x30 ./Core/Src/nrf24l01p.o
                0x08001518                nrf24l01p_flush_rx_fifo
 .text.nrf24l01p_flush_tx_fifo
                0x08001548       0x30 ./Core/Src/nrf24l01p.o
                0x08001548                nrf24l01p_flush_tx_fifo
 .text.nrf24l01p_get_status
                0x08001578       0x34 ./Core/Src/nrf24l01p.o
                0x08001578                nrf24l01p_get_status
 .text.nrf24l01p_clear_tx_ds
                0x080015ac       0x28 ./Core/Src/nrf24l01p.o
                0x080015ac                nrf24l01p_clear_tx_ds
 .text.nrf24l01p_clear_max_rt
                0x080015d4       0x28 ./Core/Src/nrf24l01p.o
                0x080015d4                nrf24l01p_clear_max_rt
 .text.nrf24l01p_power_up
                0x080015fc       0x2a ./Core/Src/nrf24l01p.o
                0x080015fc                nrf24l01p_power_up
 .text.nrf24l01p_set_crc_length
                0x08001626       0x46 ./Core/Src/nrf24l01p.o
                0x08001626                nrf24l01p_set_crc_length
 .text.nrf24l01p_set_address_widths
                0x0800166c       0x20 ./Core/Src/nrf24l01p.o
                0x0800166c                nrf24l01p_set_address_widths
 .text.nrf24l01p_auto_retransmit_count
                0x0800168c       0x36 ./Core/Src/nrf24l01p.o
                0x0800168c                nrf24l01p_auto_retransmit_count
 *fill*         0x080016c2        0x2 
 .text.nrf24l01p_auto_retransmit_delay
                0x080016c4       0x50 ./Core/Src/nrf24l01p.o
                0x080016c4                nrf24l01p_auto_retransmit_delay
 .text.nrf24l01p_set_rf_channel
                0x08001714       0x26 ./Core/Src/nrf24l01p.o
                0x08001714                nrf24l01p_set_rf_channel
 .text.nrf24l01p_set_rf_tx_output_power
                0x0800173a       0x3a ./Core/Src/nrf24l01p.o
                0x0800173a                nrf24l01p_set_rf_tx_output_power
 .text.nrf24l01p_set_rf_air_data_rate
                0x08001774       0x52 ./Core/Src/nrf24l01p.o
                0x08001774                nrf24l01p_set_rf_air_data_rate
 *fill*         0x080017c6        0x2 
 .text.MX_SPI1_Init
                0x080017c8       0x6c ./Core/Src/spi.o
                0x080017c8                MX_SPI1_Init
 .text.MX_SPI2_Init
                0x08001834       0x6c ./Core/Src/spi.o
                0x08001834                MX_SPI2_Init
 .text.HAL_SPI_MspInit
                0x080018a0      0x138 ./Core/Src/spi.o
                0x080018a0                HAL_SPI_MspInit
 .text.HAL_MspInit
                0x080019d8       0x50 ./Core/Src/stm32f4xx_hal_msp.o
                0x080019d8                HAL_MspInit
 .text.NMI_Handler
                0x08001a28        0x8 ./Core/Src/stm32f4xx_it.o
                0x08001a28                NMI_Handler
 .text.HardFault_Handler
                0x08001a30        0x8 ./Core/Src/stm32f4xx_it.o
                0x08001a30                HardFault_Handler
 .text.MemManage_Handler
                0x08001a38        0x8 ./Core/Src/stm32f4xx_it.o
                0x08001a38                MemManage_Handler
 .text.BusFault_Handler
                0x08001a40        0x8 ./Core/Src/stm32f4xx_it.o
                0x08001a40                BusFault_Handler
 .text.UsageFault_Handler
                0x08001a48        0x8 ./Core/Src/stm32f4xx_it.o
                0x08001a48                UsageFault_Handler
 .text.SVC_Handler
                0x08001a50        0xe ./Core/Src/stm32f4xx_it.o
                0x08001a50                SVC_Handler
 .text.DebugMon_Handler
                0x08001a5e        0xe ./Core/Src/stm32f4xx_it.o
                0x08001a5e                DebugMon_Handler
 .text.PendSV_Handler
                0x08001a6c        0xe ./Core/Src/stm32f4xx_it.o
                0x08001a6c                PendSV_Handler
 .text.SysTick_Handler
                0x08001a7a        0xc ./Core/Src/stm32f4xx_it.o
                0x08001a7a                SysTick_Handler
 .text.EXTI9_5_IRQHandler
                0x08001a86        0xe ./Core/Src/stm32f4xx_it.o
                0x08001a86                EXTI9_5_IRQHandler
 .text.EXTI15_10_IRQHandler
                0x08001a94       0x18 ./Core/Src/stm32f4xx_it.o
                0x08001a94                EXTI15_10_IRQHandler
 .text.SystemInit
                0x08001aac       0x24 ./Core/Src/system_stm32f4xx.o
                0x08001aac                SystemInit
 .text.Reset_Handler
                0x08001ad0       0x50 ./Core/Startup/startup_stm32f407vgtx.o
                0x08001ad0                Reset_Handler
 .text.Default_Handler
                0x08001b20        0x2 ./Core/Startup/startup_stm32f407vgtx.o
                0x08001b20                RTC_Alarm_IRQHandler
                0x08001b20                HASH_RNG_IRQHandler
                0x08001b20                EXTI2_IRQHandler
                0x08001b20                TIM8_CC_IRQHandler
                0x08001b20                TIM1_CC_IRQHandler
                0x08001b20                DMA2_Stream5_IRQHandler
                0x08001b20                DMA1_Stream5_IRQHandler
                0x08001b20                PVD_IRQHandler
                0x08001b20                SDIO_IRQHandler
                0x08001b20                TAMP_STAMP_IRQHandler
                0x08001b20                CAN2_RX1_IRQHandler
                0x08001b20                EXTI3_IRQHandler
                0x08001b20                TIM8_TRG_COM_TIM14_IRQHandler
                0x08001b20                TIM1_UP_TIM10_IRQHandler
                0x08001b20                TIM8_UP_TIM13_IRQHandler
                0x08001b20                I2C3_ER_IRQHandler
                0x08001b20                EXTI0_IRQHandler
                0x08001b20                I2C2_EV_IRQHandler
                0x08001b20                DMA1_Stream2_IRQHandler
                0x08001b20                CAN1_RX0_IRQHandler
                0x08001b20                FPU_IRQHandler
                0x08001b20                OTG_HS_WKUP_IRQHandler
                0x08001b20                CAN2_SCE_IRQHandler
                0x08001b20                DMA2_Stream2_IRQHandler
                0x08001b20                SPI1_IRQHandler
                0x08001b20                TIM6_DAC_IRQHandler
                0x08001b20                TIM1_BRK_TIM9_IRQHandler
                0x08001b20                DCMI_IRQHandler
                0x08001b20                CAN2_RX0_IRQHandler
                0x08001b20                DMA2_Stream3_IRQHandler
                0x08001b20                USART6_IRQHandler
                0x08001b20                USART3_IRQHandler
                0x08001b20                CAN1_RX1_IRQHandler
                0x08001b20                UART5_IRQHandler
                0x08001b20                DMA2_Stream0_IRQHandler
                0x08001b20                TIM4_IRQHandler
                0x08001b20                I2C1_EV_IRQHandler
                0x08001b20                DMA1_Stream6_IRQHandler
                0x08001b20                DMA1_Stream1_IRQHandler
                0x08001b20                UART4_IRQHandler
                0x08001b20                TIM3_IRQHandler
                0x08001b20                RCC_IRQHandler
                0x08001b20                TIM8_BRK_TIM12_IRQHandler
                0x08001b20                Default_Handler
                0x08001b20                ADC_IRQHandler
                0x08001b20                DMA1_Stream7_IRQHandler
                0x08001b20                TIM7_IRQHandler
                0x08001b20                CAN2_TX_IRQHandler
                0x08001b20                TIM5_IRQHandler
                0x08001b20                DMA2_Stream7_IRQHandler
                0x08001b20                I2C3_EV_IRQHandler
                0x08001b20                RTC_WKUP_IRQHandler
                0x08001b20                ETH_WKUP_IRQHandler
                0x08001b20                SPI2_IRQHandler
                0x08001b20                OTG_HS_EP1_IN_IRQHandler
                0x08001b20                DMA1_Stream0_IRQHandler
                0x08001b20                CAN1_TX_IRQHandler
                0x08001b20                EXTI4_IRQHandler
                0x08001b20                FSMC_IRQHandler
                0x08001b20                ETH_IRQHandler
                0x08001b20                OTG_HS_EP1_OUT_IRQHandler
                0x08001b20                WWDG_IRQHandler
                0x08001b20                TIM2_IRQHandler
                0x08001b20                OTG_FS_WKUP_IRQHandler
                0x08001b20                TIM1_TRG_COM_TIM11_IRQHandler
                0x08001b20                OTG_HS_IRQHandler
                0x08001b20                EXTI1_IRQHandler
                0x08001b20                USART2_IRQHandler
                0x08001b20                I2C2_ER_IRQHandler
                0x08001b20                DMA2_Stream1_IRQHandler
                0x08001b20                CAN1_SCE_IRQHandler
                0x08001b20                FLASH_IRQHandler
                0x08001b20                DMA2_Stream4_IRQHandler
                0x08001b20                USART1_IRQHandler
                0x08001b20                OTG_FS_IRQHandler
                0x08001b20                SPI3_IRQHandler
                0x08001b20                DMA1_Stream4_IRQHandler
                0x08001b20                I2C1_ER_IRQHandler
                0x08001b20                DMA2_Stream6_IRQHandler
                0x08001b20                DMA1_Stream3_IRQHandler
 *fill*         0x08001b22        0x2 
 .text.HAL_Init
                0x08001b24       0x44 ./Drivers/STM32F4xx_HAL_Driver/Src/stm32f4xx_hal.o
                0x08001b24                HAL_Init
 .text.HAL_InitTick
                0x08001b68       0x60 ./Drivers/STM32F4xx_HAL_Driver/Src/stm32f4xx_hal.o
                0x08001b68                HAL_InitTick
 .text.HAL_IncTick
                0x08001bc8       0x28 ./Drivers/STM32F4xx_HAL_Driver/Src/stm32f4xx_hal.o
                0x08001bc8                HAL_IncTick
 .text.HAL_GetTick
                0x08001bf0       0x18 ./Drivers/STM32F4xx_HAL_Driver/Src/stm32f4xx_hal.o
                0x08001bf0                HAL_GetTick
 .text.HAL_Delay
                0x08001c08       0x48 ./Drivers/STM32F4xx_HAL_Driver/Src/stm32f4xx_hal.o
                0x08001c08                HAL_Delay
 .text.__NVIC_SetPriorityGrouping
                0x08001c50       0x48 ./Drivers/STM32F4xx_HAL_Driver/Src/stm32f4xx_hal_cortex.o
 .text.__NVIC_GetPriorityGrouping
                0x08001c98       0x1c ./Drivers/STM32F4xx_HAL_Driver/Src/stm32f4xx_hal_cortex.o
 .text.__NVIC_EnableIRQ
                0x08001cb4       0x3c ./Drivers/STM32F4xx_HAL_Driver/Src/stm32f4xx_hal_cortex.o
 .text.__NVIC_SetPriority
                0x08001cf0       0x54 ./Drivers/STM32F4xx_HAL_Driver/Src/stm32f4xx_hal_cortex.o
 .text.NVIC_EncodePriority
                0x08001d44       0x66 ./Drivers/STM32F4xx_HAL_Driver/Src/stm32f4xx_hal_cortex.o
 *fill*         0x08001daa        0x2 
 .text.SysTick_Config
                0x08001dac       0x44 ./Drivers/STM32F4xx_HAL_Driver/Src/stm32f4xx_hal_cortex.o
 .text.HAL_NVIC_SetPriorityGrouping
                0x08001df0       0x16 ./Drivers/STM32F4xx_HAL_Driver/Src/stm32f4xx_hal_cortex.o
                0x08001df0                HAL_NVIC_SetPriorityGrouping
 .text.HAL_NVIC_SetPriority
                0x08001e06       0x38 ./Drivers/STM32F4xx_HAL_Driver/Src/stm32f4xx_hal_cortex.o
                0x08001e06                HAL_NVIC_SetPriority
 .text.HAL_NVIC_EnableIRQ
                0x08001e3e       0x1c ./Drivers/STM32F4xx_HAL_Driver/Src/stm32f4xx_hal_cortex.o
                0x08001e3e                HAL_NVIC_EnableIRQ
 .text.HAL_SYSTICK_Config
                0x08001e5a       0x18 ./Drivers/STM32F4xx_HAL_Driver/Src/stm32f4xx_hal_cortex.o
                0x08001e5a                HAL_SYSTICK_Config
 *fill*         0x08001e72        0x2 
 .text.HAL_GPIO_Init
                0x08001e74      0x338 ./Drivers/STM32F4xx_HAL_Driver/Src/stm32f4xx_hal_gpio.o
                0x08001e74                HAL_GPIO_Init
 .text.HAL_GPIO_WritePin
                0x080021ac       0x32 ./Drivers/STM32F4xx_HAL_Driver/Src/stm32f4xx_hal_gpio.o
                0x080021ac                HAL_GPIO_WritePin
 .text.HAL_GPIO_TogglePin
                0x080021de       0x34 ./Drivers/STM32F4xx_HAL_Driver/Src/stm32f4xx_hal_gpio.o
                0x080021de                HAL_GPIO_TogglePin
 *fill*         0x08002212        0x2 
 .text.HAL_GPIO_EXTI_IRQHandler
                0x08002214       0x30 ./Drivers/STM32F4xx_HAL_Driver/Src/stm32f4xx_hal_gpio.o
                0x08002214                HAL_GPIO_EXTI_IRQHandler
 .text.HAL_RCC_OscConfig
                0x08002244      0x4f0 ./Drivers/STM32F4xx_HAL_Driver/Src/stm32f4xx_hal_rcc.o
                0x08002244                HAL_RCC_OscConfig
 .text.HAL_RCC_ClockConfig
                0x08002734      0x1cc ./Drivers/STM32F4xx_HAL_Driver/Src/stm32f4xx_hal_rcc.o
                0x08002734                HAL_RCC_ClockConfig
 .text.HAL_RCC_GetSysClockFreq
                0x08002900      0x20c ./Drivers/STM32F4xx_HAL_Driver/Src/stm32f4xx_hal_rcc.o
                0x08002900                HAL_RCC_GetSysClockFreq
 .text.HAL_SPI_Init
                0x08002b0c      0x112 ./Drivers/STM32F4xx_HAL_Driver/Src/stm32f4xx_hal_spi.o
                0x08002b0c                HAL_SPI_Init
 .text.HAL_SPI_Transmit
                0x08002c1e      0x288 ./Drivers/STM32F4xx_HAL_Driver/Src/stm32f4xx_hal_spi.o
                0x08002c1e                HAL_SPI_Transmit
 .text.HAL_SPI_Receive
                0x08002ea6      0x232 ./Drivers/STM32F4xx_HAL_Driver/Src/stm32f4xx_hal_spi.o
                0x08002ea6                HAL_SPI_Receive
 .text.HAL_SPI_TransmitReceive
                0x080030d8      0x352 ./Drivers/STM32F4xx_HAL_Driver/Src/stm32f4xx_hal_spi.o
                0x080030d8                HAL_SPI_TransmitReceive
 *fill*         0x0800342a        0x2 
 .text.SPI_WaitFlagStateUntilTimeout
                0x0800342c      0x110 ./Drivers/STM32F4xx_HAL_Driver/Src/stm32f4xx_hal_spi.o
 .text.SPI_EndRxTransaction
                0x0800353c       0xca ./Drivers/STM32F4xx_HAL_Driver/Src/stm32f4xx_hal_spi.o
 *fill*         0x08003606        0x2 
 .text.SPI_EndRxTxTransaction
                0x08003608       0xa8 ./Drivers/STM32F4xx_HAL_Driver/Src/stm32f4xx_hal_spi.o
 .text.memset   0x080036b0       0x10 C:/ST/STM32CubeIDE_1.15.0/STM32CubeIDE/plugins/com.st.stm32cube.ide.mcu.externaltools.gnu-tools-for-stm32.12.3.rel1.win32_1.0.100.202403111256/tools/bin/../lib/gcc/arm-none-eabi/12.3.1/../../../../arm-none-eabi/lib/thumb/v7e-m+fp/hard\libc_nano.a(libc_a-memset.o)
                0x080036b0                memset
 .text.__libc_init_array
                0x080036c0       0x48 C:/ST/STM32CubeIDE_1.15.0/STM32CubeIDE/plugins/com.st.stm32cube.ide.mcu.externaltools.gnu-tools-for-stm32.12.3.rel1.win32_1.0.100.202403111256/tools/bin/../lib/gcc/arm-none-eabi/12.3.1/../../../../arm-none-eabi/lib/thumb/v7e-m+fp/hard\libc_nano.a(libc_a-init.o)
                0x080036c0                __libc_init_array
 *(.glue_7)
 .glue_7        0x08003708        0x0 linker stubs
 *(.glue_7t)
 .glue_7t       0x08003708        0x0 linker stubs
 *(.eh_frame)
 .eh_frame      0x08003708        0x0 C:/ST/STM32CubeIDE_1.15.0/STM32CubeIDE/plugins/com.st.stm32cube.ide.mcu.externaltools.gnu-tools-for-stm32.12.3.rel1.win32_1.0.100.202403111256/tools/bin/../lib/gcc/arm-none-eabi/12.3.1/thumb/v7e-m+fp/hard/crtbegin.o
 *(.init)
 .init          0x08003708        0x4 C:/ST/STM32CubeIDE_1.15.0/STM32CubeIDE/plugins/com.st.stm32cube.ide.mcu.externaltools.gnu-tools-for-stm32.12.3.rel1.win32_1.0.100.202403111256/tools/bin/../lib/gcc/arm-none-eabi/12.3.1/thumb/v7e-m+fp/hard/crti.o
                0x08003708                _init
 .init          0x0800370c        0x8 C:/ST/STM32CubeIDE_1.15.0/STM32CubeIDE/plugins/com.st.stm32cube.ide.mcu.externaltools.gnu-tools-for-stm32.12.3.rel1.win32_1.0.100.202403111256/tools/bin/../lib/gcc/arm-none-eabi/12.3.1/thumb/v7e-m+fp/hard/crtn.o
 *(.fini)
 .fini          0x08003714        0x4 C:/ST/STM32CubeIDE_1.15.0/STM32CubeIDE/plugins/com.st.stm32cube.ide.mcu.externaltools.gnu-tools-for-stm32.12.3.rel1.win32_1.0.100.202403111256/tools/bin/../lib/gcc/arm-none-eabi/12.3.1/thumb/v7e-m+fp/hard/crti.o
                0x08003714                _fini
 .fini          0x08003718        0x8 C:/ST/STM32CubeIDE_1.15.0/STM32CubeIDE/plugins/com.st.stm32cube.ide.mcu.externaltools.gnu-tools-for-stm32.12.3.rel1.win32_1.0.100.202403111256/tools/bin/../lib/gcc/arm-none-eabi/12.3.1/thumb/v7e-m+fp/hard/crtn.o
                0x08003720                        . = ALIGN (0x4)
                0x08003720                        _etext = .

.vfp11_veneer   0x08003720        0x0
 .vfp11_veneer  0x08003720        0x0 linker stubs

.v4_bx          0x08003720        0x0
 .v4_bx         0x08003720        0x0 linker stubs

.iplt           0x08003720        0x0
 .iplt          0x08003720        0x0 C:/ST/STM32CubeIDE_1.15.0/STM32CubeIDE/plugins/com.st.stm32cube.ide.mcu.externaltools.gnu-tools-for-stm32.12.3.rel1.win32_1.0.100.202403111256/tools/bin/../lib/gcc/arm-none-eabi/12.3.1/thumb/v7e-m+fp/hard/crtbegin.o

.rodata         0x08003720       0x20
                0x08003720                        . = ALIGN (0x4)
 *(.rodata)
 .rodata        0x08003720        0xd ./Core/Src/main.o
 *(.rodata*)
 *fill*         0x0800372d        0x3 
 .rodata.AHBPrescTable
                0x08003730       0x10 ./Core/Src/system_stm32f4xx.o
                0x08003730                AHBPrescTable
                0x08003740                        . = ALIGN (0x4)

.ARM.extab      0x08003740        0x0
                0x08003740                        . = ALIGN (0x4)
 *(.ARM.extab* .gnu.linkonce.armextab.*)
                0x08003740                        . = ALIGN (0x4)

.ARM            0x08003740        0x8
                0x08003740                        . = ALIGN (0x4)
                0x08003740                        __exidx_start = .
 *(.ARM.exidx*)
 .ARM.exidx     0x08003740        0x8 C:/ST/STM32CubeIDE_1.15.0/STM32CubeIDE/plugins/com.st.stm32cube.ide.mcu.externaltools.gnu-tools-for-stm32.12.3.rel1.win32_1.0.100.202403111256/tools/bin/../lib/gcc/arm-none-eabi/12.3.1/thumb/v7e-m+fp/hard\libgcc.a(_udivmoddi4.o)
                0x08003748                        __exidx_end = .
                0x08003748                        . = ALIGN (0x4)

.preinit_array  0x08003748        0x0
                0x08003748                        . = ALIGN (0x4)
                0x08003748                        PROVIDE (__preinit_array_start = .)
 *(.preinit_array*)
                0x08003748                        PROVIDE (__preinit_array_end = .)
                0x08003748                        . = ALIGN (0x4)

.init_array     0x08003748        0x4
                0x08003748                        . = ALIGN (0x4)
                0x08003748                        PROVIDE (__init_array_start = .)
 *(SORT_BY_NAME(.init_array.*))
 *(.init_array*)
 .init_array    0x08003748        0x4 C:/ST/STM32CubeIDE_1.15.0/STM32CubeIDE/plugins/com.st.stm32cube.ide.mcu.externaltools.gnu-tools-for-stm32.12.3.rel1.win32_1.0.100.202403111256/tools/bin/../lib/gcc/arm-none-eabi/12.3.1/thumb/v7e-m+fp/hard/crtbegin.o
                0x0800374c                        PROVIDE (__init_array_end = .)
                0x0800374c                        . = ALIGN (0x4)

.fini_array     0x0800374c        0x4
                0x0800374c                        . = ALIGN (0x4)
                [!provide]                        PROVIDE (__fini_array_start = .)
 *(SORT_BY_NAME(.fini_array.*))
 *(.fini_array*)
 .fini_array    0x0800374c        0x4 C:/ST/STM32CubeIDE_1.15.0/STM32CubeIDE/plugins/com.st.stm32cube.ide.mcu.externaltools.gnu-tools-for-stm32.12.3.rel1.win32_1.0.100.202403111256/tools/bin/../lib/gcc/arm-none-eabi/12.3.1/thumb/v7e-m+fp/hard/crtbegin.o
                [!provide]                        PROVIDE (__fini_array_end = .)
                0x08003750                        . = ALIGN (0x4)
                0x08003750                        _sidata = LOADADDR (.data)

.rel.dyn        0x08003750        0x0
 .rel.iplt      0x08003750        0x0 C:/ST/STM32CubeIDE_1.15.0/STM32CubeIDE/plugins/com.st.stm32cube.ide.mcu.externaltools.gnu-tools-for-stm32.12.3.rel1.win32_1.0.100.202403111256/tools/bin/../lib/gcc/arm-none-eabi/12.3.1/thumb/v7e-m+fp/hard/crtbegin.o

.data           0x20000000       0x30 load address 0x08003750
                0x20000000                        . = ALIGN (0x4)
                0x20000000                        _sdata = .
 *(.data)
 *(.data*)
 .data.tx_data  0x20000000       0x20 ./Core/Src/main.o
                0x20000000                tx_data
 .data.RxNumber
                0x20000020        0x1 ./Core/Src/main.o
                0x20000020                RxNumber
 *fill*         0x20000021        0x3 
 .data.SystemCoreClock
                0x20000024        0x4 ./Core/Src/system_stm32f4xx.o
                0x20000024                SystemCoreClock
 .data.uwTickPrio
                0x20000028        0x4 ./Drivers/STM32F4xx_HAL_Driver/Src/stm32f4xx_hal.o
                0x20000028                uwTickPrio
 .data.uwTickFreq
                0x2000002c        0x1 ./Drivers/STM32F4xx_HAL_Driver/Src/stm32f4xx_hal.o
                0x2000002c                uwTickFreq
 *(.RamFunc)
 *(.RamFunc*)
                0x20000030                        . = ALIGN (0x4)
 *fill*         0x2000002d        0x3 
                0x20000030                        _edata = .
                0x08003780                        _siccmram = LOADADDR (.ccmram)

.igot.plt       0x20000030        0x0 load address 0x08003780
 .igot.plt      0x20000030        0x0 C:/ST/STM32CubeIDE_1.15.0/STM32CubeIDE/plugins/com.st.stm32cube.ide.mcu.externaltools.gnu-tools-for-stm32.12.3.rel1.win32_1.0.100.202403111256/tools/bin/../lib/gcc/arm-none-eabi/12.3.1/thumb/v7e-m+fp/hard/crtbegin.o

.ccmram         0x10000000        0x0 load address 0x08003780
                0x10000000                        . = ALIGN (0x4)
                0x10000000                        _sccmram = .
 *(.ccmram)
 *(.ccmram*)
                0x10000000                        . = ALIGN (0x4)
                0x10000000                        _eccmram = .
                0x10000000                        . = ALIGN (0x4)

.bss            0x20000030       0xf0
                0x20000030                        _sbss = .
                0x20000030                        __bss_start__ = _sbss
 *(.bss)
 .bss           0x20000030       0x1c C:/ST/STM32CubeIDE_1.15.0/STM32CubeIDE/plugins/com.st.stm32cube.ide.mcu.externaltools.gnu-tools-for-stm32.12.3.rel1.win32_1.0.100.202403111256/tools/bin/../lib/gcc/arm-none-eabi/12.3.1/thumb/v7e-m+fp/hard/crtbegin.o
 *(.bss*)
 .bss.rx_data   0x2000004c       0x20 ./Core/Src/main.o
                0x2000004c                rx_data
 .bss.hspi1     0x2000006c       0x58 ./Core/Src/spi.o
                0x2000006c                hspi1
 .bss.hspi2     0x200000c4       0x58 ./Core/Src/spi.o
                0x200000c4                hspi2
 .bss.uwTick    0x2000011c        0x4 ./Drivers/STM32F4xx_HAL_Driver/Src/stm32f4xx_hal.o
                0x2000011c                uwTick
 *(COMMON)
                0x20000120                        . = ALIGN (0x4)
                0x20000120                        _ebss = .
                0x20000120                        __bss_end__ = _ebss

._user_heap_stack
                0x20000120      0x600
                0x20000120                        . = ALIGN (0x8)
                [!provide]                        PROVIDE (end = .)
                0x20000120                        PROVIDE (_end = .)
                0x20000320                        . = (. + _Min_Heap_Size)
 *fill*         0x20000120      0x200 
                0x20000720                        . = (. + _Min_Stack_Size)
 *fill*         0x20000320      0x400 
                0x20000720                        . = ALIGN (0x8)

/DISCARD/
 libc.a(*)
 libm.a(*)
 libgcc.a(*)

.ARM.attributes
                0x00000000       0x30
 *(.ARM.attributes)
 .ARM.attributes
                0x00000000       0x22 C:/ST/STM32CubeIDE_1.15.0/STM32CubeIDE/plugins/com.st.stm32cube.ide.mcu.externaltools.gnu-tools-for-stm32.12.3.rel1.win32_1.0.100.202403111256/tools/bin/../lib/gcc/arm-none-eabi/12.3.1/thumb/v7e-m+fp/hard/crti.o
 .ARM.attributes
                0x00000022       0x34 C:/ST/STM32CubeIDE_1.15.0/STM32CubeIDE/plugins/com.st.stm32cube.ide.mcu.externaltools.gnu-tools-for-stm32.12.3.rel1.win32_1.0.100.202403111256/tools/bin/../lib/gcc/arm-none-eabi/12.3.1/thumb/v7e-m+fp/hard/crtbegin.o
 .ARM.attributes
                0x00000056       0x34 ./Core/Src/gpio.o
 .ARM.attributes
                0x0000008a       0x34 ./Core/Src/main.o
 .ARM.attributes
                0x000000be       0x34 ./Core/Src/nrf24l01.o
 .ARM.attributes
                0x000000f2       0x34 ./Core/Src/nrf24l01p.o
 .ARM.attributes
                0x00000126       0x34 ./Core/Src/spi.o
 .ARM.attributes
                0x0000015a       0x34 ./Core/Src/stm32f4xx_hal_msp.o
 .ARM.attributes
                0x0000018e       0x34 ./Core/Src/stm32f4xx_it.o
 .ARM.attributes
                0x000001c2       0x34 ./Core/Src/system_stm32f4xx.o
 .ARM.attributes
                0x000001f6       0x21 ./Core/Startup/startup_stm32f407vgtx.o
 .ARM.attributes
                0x00000217       0x34 ./Drivers/STM32F4xx_HAL_Driver/Src/stm32f4xx_hal.o
 .ARM.attributes
                0x0000024b       0x34 ./Drivers/STM32F4xx_HAL_Driver/Src/stm32f4xx_hal_cortex.o
 .ARM.attributes
                0x0000027f       0x34 ./Drivers/STM32F4xx_HAL_Driver/Src/stm32f4xx_hal_gpio.o
 .ARM.attributes
                0x000002b3       0x34 ./Drivers/STM32F4xx_HAL_Driver/Src/stm32f4xx_hal_rcc.o
 .ARM.attributes
                0x000002e7       0x34 ./Drivers/STM32F4xx_HAL_Driver/Src/stm32f4xx_hal_spi.o
 .ARM.attributes
                0x0000031b       0x34 C:/ST/STM32CubeIDE_1.15.0/STM32CubeIDE/plugins/com.st.stm32cube.ide.mcu.externaltools.gnu-tools-for-stm32.12.3.rel1.win32_1.0.100.202403111256/tools/bin/../lib/gcc/arm-none-eabi/12.3.1/../../../../arm-none-eabi/lib/thumb/v7e-m+fp/hard\libc_nano.a(libc_a-memset.o)
 .ARM.attributes
                0x0000034f       0x34 C:/ST/STM32CubeIDE_1.15.0/STM32CubeIDE/plugins/com.st.stm32cube.ide.mcu.externaltools.gnu-tools-for-stm32.12.3.rel1.win32_1.0.100.202403111256/tools/bin/../lib/gcc/arm-none-eabi/12.3.1/../../../../arm-none-eabi/lib/thumb/v7e-m+fp/hard\libc_nano.a(libc_a-init.o)
 .ARM.attributes
                0x00000383       0x22 C:/ST/STM32CubeIDE_1.15.0/STM32CubeIDE/plugins/com.st.stm32cube.ide.mcu.externaltools.gnu-tools-for-stm32.12.3.rel1.win32_1.0.100.202403111256/tools/bin/../lib/gcc/arm-none-eabi/12.3.1/thumb/v7e-m+fp/hard\libgcc.a(_aeabi_uldivmod.o)
 .ARM.attributes
                0x000003a5       0x34 C:/ST/STM32CubeIDE_1.15.0/STM32CubeIDE/plugins/com.st.stm32cube.ide.mcu.externaltools.gnu-tools-for-stm32.12.3.rel1.win32_1.0.100.202403111256/tools/bin/../lib/gcc/arm-none-eabi/12.3.1/thumb/v7e-m+fp/hard\libgcc.a(_udivmoddi4.o)
 .ARM.attributes
                0x000003d9       0x22 C:/ST/STM32CubeIDE_1.15.0/STM32CubeIDE/plugins/com.st.stm32cube.ide.mcu.externaltools.gnu-tools-for-stm32.12.3.rel1.win32_1.0.100.202403111256/tools/bin/../lib/gcc/arm-none-eabi/12.3.1/thumb/v7e-m+fp/hard\libgcc.a(_dvmd_tls.o)
 .ARM.attributes
                0x000003fb       0x22 C:/ST/STM32CubeIDE_1.15.0/STM32CubeIDE/plugins/com.st.stm32cube.ide.mcu.externaltools.gnu-tools-for-stm32.12.3.rel1.win32_1.0.100.202403111256/tools/bin/../lib/gcc/arm-none-eabi/12.3.1/thumb/v7e-m+fp/hard/crtn.o
OUTPUT(Rf_f4.elf elf32-littlearm)
LOAD linker stubs
LOAD C:/ST/STM32CubeIDE_1.15.0/STM32CubeIDE/plugins/com.st.stm32cube.ide.mcu.externaltools.gnu-tools-for-stm32.12.3.rel1.win32_1.0.100.202403111256/tools/bin/../lib/gcc/arm-none-eabi/12.3.1/../../../../arm-none-eabi/lib/thumb/v7e-m+fp/hard\libc.a
LOAD C:/ST/STM32CubeIDE_1.15.0/STM32CubeIDE/plugins/com.st.stm32cube.ide.mcu.externaltools.gnu-tools-for-stm32.12.3.rel1.win32_1.0.100.202403111256/tools/bin/../lib/gcc/arm-none-eabi/12.3.1/../../../../arm-none-eabi/lib/thumb/v7e-m+fp/hard\libm.a
LOAD C:/ST/STM32CubeIDE_1.15.0/STM32CubeIDE/plugins/com.st.stm32cube.ide.mcu.externaltools.gnu-tools-for-stm32.12.3.rel1.win32_1.0.100.202403111256/tools/bin/../lib/gcc/arm-none-eabi/12.3.1/thumb/v7e-m+fp/hard\libgcc.a

.debug_info     0x00000000     0x7cec
 .debug_info    0x00000000      0x67e ./Core/Src/gpio.o
 .debug_info    0x0000067e      0x7a8 ./Core/Src/main.o
 .debug_info    0x00000e26     0x1341 ./Core/Src/nrf24l01.o
 .debug_info    0x00002167      0xd58 ./Core/Src/nrf24l01p.o
 .debug_info    0x00002ebf      0x9c1 ./Core/Src/spi.o
 .debug_info    0x00003880      0x269 ./Core/Src/stm32f4xx_hal_msp.o
 .debug_info    0x00003ae9      0x15a ./Core/Src/stm32f4xx_it.o
 .debug_info    0x00003c43      0x512 ./Core/Src/system_stm32f4xx.o
 .debug_info    0x00004155       0x30 ./Core/Startup/startup_stm32f407vgtx.o
 .debug_info    0x00004185      0x944 ./Drivers/STM32F4xx_HAL_Driver/Src/stm32f4xx_hal.o
 .debug_info    0x00004ac9      0xd8c ./Drivers/STM32F4xx_HAL_Driver/Src/stm32f4xx_hal_cortex.o
 .debug_info    0x00005855      0x6c3 ./Drivers/STM32F4xx_HAL_Driver/Src/stm32f4xx_hal_gpio.o
 .debug_info    0x00005f18      0x8af ./Drivers/STM32F4xx_HAL_Driver/Src/stm32f4xx_hal_rcc.o
 .debug_info    0x000067c7     0x1525 ./Drivers/STM32F4xx_HAL_Driver/Src/stm32f4xx_hal_spi.o

.debug_abbrev   0x00000000     0x1a42
 .debug_abbrev  0x00000000      0x174 ./Core/Src/gpio.o
 .debug_abbrev  0x00000174      0x26f ./Core/Src/main.o
 .debug_abbrev  0x000003e3      0x285 ./Core/Src/nrf24l01.o
 .debug_abbrev  0x00000668      0x2ee ./Core/Src/nrf24l01p.o
 .debug_abbrev  0x00000956      0x200 ./Core/Src/spi.o
 .debug_abbrev  0x00000b56       0xd8 ./Core/Src/stm32f4xx_hal_msp.o
 .debug_abbrev  0x00000c2e       0xa0 ./Core/Src/stm32f4xx_it.o
 .debug_abbrev  0x00000cce      0x11a ./Core/Src/system_stm32f4xx.o
 .debug_abbrev  0x00000de8       0x24 ./Core/Startup/startup_stm32f407vgtx.o
 .debug_abbrev  0x00000e0c      0x214 ./Drivers/STM32F4xx_HAL_Driver/Src/stm32f4xx_hal.o
 .debug_abbrev  0x00001020      0x31d ./Drivers/STM32F4xx_HAL_Driver/Src/stm32f4xx_hal_cortex.o
 .debug_abbrev  0x0000133d      0x1d4 ./Drivers/STM32F4xx_HAL_Driver/Src/stm32f4xx_hal_gpio.o
 .debug_abbrev  0x00001511      0x2b7 ./Drivers/STM32F4xx_HAL_Driver/Src/stm32f4xx_hal_rcc.o
 .debug_abbrev  0x000017c8      0x27a ./Drivers/STM32F4xx_HAL_Driver/Src/stm32f4xx_hal_spi.o

.debug_aranges  0x00000000      0x890
 .debug_aranges
                0x00000000       0x20 ./Core/Src/gpio.o
 .debug_aranges
                0x00000020       0x38 ./Core/Src/main.o
 .debug_aranges
                0x00000058      0x130 ./Core/Src/nrf24l01.o
 .debug_aranges
                0x00000188      0x120 ./Core/Src/nrf24l01p.o
 .debug_aranges
                0x000002a8       0x38 ./Core/Src/spi.o
 .debug_aranges
                0x000002e0       0x20 ./Core/Src/stm32f4xx_hal_msp.o
 .debug_aranges
                0x00000300       0x70 ./Core/Src/stm32f4xx_it.o
 .debug_aranges
                0x00000370       0x28 ./Core/Src/system_stm32f4xx.o
 .debug_aranges
                0x00000398       0x28 ./Core/Startup/startup_stm32f407vgtx.o
 .debug_aranges
                0x000003c0       0xf0 ./Drivers/STM32F4xx_HAL_Driver/Src/stm32f4xx_hal.o
 .debug_aranges
                0x000004b0      0x130 ./Drivers/STM32F4xx_HAL_Driver/Src/stm32f4xx_hal_cortex.o
 .debug_aranges
                0x000005e0       0x58 ./Drivers/STM32F4xx_HAL_Driver/Src/stm32f4xx_hal_gpio.o
 .debug_aranges
                0x00000638       0x88 ./Drivers/STM32F4xx_HAL_Driver/Src/stm32f4xx_hal_rcc.o
 .debug_aranges
                0x000006c0      0x1d0 ./Drivers/STM32F4xx_HAL_Driver/Src/stm32f4xx_hal_spi.o

.debug_rnglists
                0x00000000      0x650
 .debug_rnglists
                0x00000000       0x14 ./Core/Src/gpio.o
 .debug_rnglists
                0x00000014       0x27 ./Core/Src/main.o
 .debug_rnglists
                0x0000003b       0xe3 ./Core/Src/nrf24l01.o
 .debug_rnglists
                0x0000011e       0xd4 ./Core/Src/nrf24l01p.o
 .debug_rnglists
                0x000001f2       0x26 ./Core/Src/spi.o
 .debug_rnglists
                0x00000218       0x13 ./Core/Src/stm32f4xx_hal_msp.o
 .debug_rnglists
                0x0000022b       0x4f ./Core/Src/stm32f4xx_it.o
 .debug_rnglists
                0x0000027a       0x1a ./Core/Src/system_stm32f4xx.o
 .debug_rnglists
                0x00000294       0x19 ./Core/Startup/startup_stm32f407vgtx.o
 .debug_rnglists
                0x000002ad       0xaf ./Drivers/STM32F4xx_HAL_Driver/Src/stm32f4xx_hal.o
 .debug_rnglists
                0x0000035c       0xe0 ./Drivers/STM32F4xx_HAL_Driver/Src/stm32f4xx_hal_cortex.o
 .debug_rnglists
                0x0000043c       0x3f ./Drivers/STM32F4xx_HAL_Driver/Src/stm32f4xx_hal_gpio.o
 .debug_rnglists
                0x0000047b       0x66 ./Drivers/STM32F4xx_HAL_Driver/Src/stm32f4xx_hal_rcc.o
 .debug_rnglists
                0x000004e1      0x16f ./Drivers/STM32F4xx_HAL_Driver/Src/stm32f4xx_hal_spi.o

.debug_macro    0x00000000    0x1fbf3
 .debug_macro   0x00000000      0x1ce ./Core/Src/gpio.o
 .debug_macro   0x000001ce      0xab4 ./Core/Src/gpio.o
 .debug_macro   0x00000c82      0x295 ./Core/Src/gpio.o
 .debug_macro   0x00000f17       0x2e ./Core/Src/gpio.o
 .debug_macro   0x00000f45       0x2f ./Core/Src/gpio.o
 .debug_macro   0x00000f74       0x22 ./Core/Src/gpio.o
 .debug_macro   0x00000f96       0x8e ./Core/Src/gpio.o
 .debug_macro   0x00001024       0x51 ./Core/Src/gpio.o
 .debug_macro   0x00001075      0x103 ./Core/Src/gpio.o
 .debug_macro   0x00001178       0x6a ./Core/Src/gpio.o
 .debug_macro   0x000011e2      0x1df ./Core/Src/gpio.o
 .debug_macro   0x000013c1       0x1c ./Core/Src/gpio.o
 .debug_macro   0x000013dd       0x22 ./Core/Src/gpio.o
 .debug_macro   0x000013ff       0xfb ./Core/Src/gpio.o
 .debug_macro   0x000014fa     0x1011 ./Core/Src/gpio.o
 .debug_macro   0x0000250b      0x11f ./Core/Src/gpio.o
 .debug_macro   0x0000262a    0x15e97 ./Core/Src/gpio.o
 .debug_macro   0x000184c1       0x6d ./Core/Src/gpio.o
 .debug_macro   0x0001852e     0x369a ./Core/Src/gpio.o
 .debug_macro   0x0001bbc8      0x189 ./Core/Src/gpio.o
 .debug_macro   0x0001bd51       0x5c ./Core/Src/gpio.o
 .debug_macro   0x0001bdad      0x980 ./Core/Src/gpio.o
 .debug_macro   0x0001c72d      0x9e9 ./Core/Src/gpio.o
 .debug_macro   0x0001d116      0x115 ./Core/Src/gpio.o
 .debug_macro   0x0001d22b      0x13e ./Core/Src/gpio.o
 .debug_macro   0x0001d369       0xa5 ./Core/Src/gpio.o
 .debug_macro   0x0001d40e      0x174 ./Core/Src/gpio.o
 .debug_macro   0x0001d582      0x287 ./Core/Src/gpio.o
 .debug_macro   0x0001d809       0x5f ./Core/Src/gpio.o
 .debug_macro   0x0001d868      0x236 ./Core/Src/gpio.o
 .debug_macro   0x0001da9e      0x12c ./Core/Src/gpio.o
 .debug_macro   0x0001dbca      0x21e ./Core/Src/gpio.o
 .debug_macro   0x0001dde8       0x2e ./Core/Src/gpio.o
 .debug_macro   0x0001de16      0x127 ./Core/Src/gpio.o
 .debug_macro   0x0001df3d       0x7e ./Core/Src/gpio.o
 .debug_macro   0x0001dfbb       0x89 ./Core/Src/gpio.o
 .debug_macro   0x0001e044      0x225 ./Core/Src/gpio.o
 .debug_macro   0x0001e269      0x12d ./Core/Src/gpio.o
 .debug_macro   0x0001e396      0x21c ./Core/Src/main.o
 .debug_macro   0x0001e5b2       0x22 ./Core/Src/main.o
 .debug_macro   0x0001e5d4      0x122 ./Core/Src/main.o
 .debug_macro   0x0001e6f6       0x40 ./Core/Src/main.o
 .debug_macro   0x0001e736       0x5c ./Core/Src/main.o
 .debug_macro   0x0001e792      0x1ec ./Core/Src/nrf24l01.o
 .debug_macro   0x0001e97e       0x3a ./Core/Src/nrf24l01.o
 .debug_macro   0x0001e9b8      0x1e6 ./Core/Src/nrf24l01p.o
 .debug_macro   0x0001eb9e      0x1ce ./Core/Src/spi.o
 .debug_macro   0x0001ed6c      0x1c4 ./Core/Src/stm32f4xx_hal_msp.o
 .debug_macro   0x0001ef30      0x1ce ./Core/Src/stm32f4xx_it.o
 .debug_macro   0x0001f0fe      0x1ba ./Core/Src/system_stm32f4xx.o
 .debug_macro   0x0001f2b8      0x21a ./Drivers/STM32F4xx_HAL_Driver/Src/stm32f4xx_hal.o
 .debug_macro   0x0001f4d2      0x1ba ./Drivers/STM32F4xx_HAL_Driver/Src/stm32f4xx_hal_cortex.o
 .debug_macro   0x0001f68c      0x1c0 ./Drivers/STM32F4xx_HAL_Driver/Src/stm32f4xx_hal_gpio.o
 .debug_macro   0x0001f84c      0x1de ./Drivers/STM32F4xx_HAL_Driver/Src/stm32f4xx_hal_rcc.o
 .debug_macro   0x0001fa2a      0x1c9 ./Drivers/STM32F4xx_HAL_Driver/Src/stm32f4xx_hal_spi.o

.debug_line     0x00000000     0x93cb
 .debug_line    0x00000000      0x75d ./Core/Src/gpio.o
 .debug_line    0x0000075d      0x840 ./Core/Src/main.o
 .debug_line    0x00000f9d      0xc54 ./Core/Src/nrf24l01.o
 .debug_line    0x00001bf1      0xb24 ./Core/Src/nrf24l01p.o
 .debug_line    0x00002715      0x816 ./Core/Src/spi.o
 .debug_line    0x00002f2b      0x71c ./Core/Src/stm32f4xx_hal_msp.o
 .debug_line    0x00003647      0x810 ./Core/Src/stm32f4xx_it.o
 .debug_line    0x00003e57      0x7a1 ./Core/Src/system_stm32f4xx.o
 .debug_line    0x000045f8       0x7a ./Core/Startup/startup_stm32f407vgtx.o
 .debug_line    0x00004672      0xa0a ./Drivers/STM32F4xx_HAL_Driver/Src/stm32f4xx_hal.o
 .debug_line    0x0000507c      0xcfc ./Drivers/STM32F4xx_HAL_Driver/Src/stm32f4xx_hal_cortex.o
 .debug_line    0x00005d78      0xb96 ./Drivers/STM32F4xx_HAL_Driver/Src/stm32f4xx_hal_gpio.o
 .debug_line    0x0000690e      0xd95 ./Drivers/STM32F4xx_HAL_Driver/Src/stm32f4xx_hal_rcc.o
 .debug_line    0x000076a3     0x1d28 ./Drivers/STM32F4xx_HAL_Driver/Src/stm32f4xx_hal_spi.o

.debug_str      0x00000000    0xbfd86
 .debug_str     0x00000000    0xbc7cc ./Core/Src/gpio.o
                              0xbca78 (size before relaxing)
 .debug_str     0x000bc7cc      0xe5a ./Core/Src/main.o
                              0xbd33d (size before relaxing)
 .debug_str     0x000bd626      0xf93 ./Core/Src/nrf24l01.o
                              0xbda1e (size before relaxing)
 .debug_str     0x000be5b9      0x32b ./Core/Src/nrf24l01p.o
                              0xbd235 (size before relaxing)
 .debug_str     0x000be8e4       0x5b ./Core/Src/spi.o
                              0xbc9f7 (size before relaxing)
 .debug_str     0x000be93f       0x2c ./Core/Src/stm32f4xx_hal_msp.o
                              0xbc48d (size before relaxing)
 .debug_str     0x000be96b      0x10a ./Core/Src/stm32f4xx_it.o
                              0xbc468 (size before relaxing)
 .debug_str     0x000bea75       0xdb ./Core/Src/system_stm32f4xx.o
                              0xbc53d (size before relaxing)
 .debug_str     0x000beb50       0x44 ./Core/Startup/startup_stm32f407vgtx.o
                                 0x5b (size before relaxing)
 .debug_str     0x000beb94      0x603 ./Drivers/STM32F4xx_HAL_Driver/Src/stm32f4xx_hal.o
                              0xbd0c1 (size before relaxing)
 .debug_str     0x000bf197      0x37f ./Drivers/STM32F4xx_HAL_Driver/Src/stm32f4xx_hal_cortex.o
                              0xbce3d (size before relaxing)
 .debug_str     0x000bf516       0xd5 ./Drivers/STM32F4xx_HAL_Driver/Src/stm32f4xx_hal_gpio.o
                              0xbc6b8 (size before relaxing)
 .debug_str     0x000bf5eb      0x233 ./Drivers/STM32F4xx_HAL_Driver/Src/stm32f4xx_hal_rcc.o
                              0xbc971 (size before relaxing)
 .debug_str     0x000bf81e      0x568 ./Drivers/STM32F4xx_HAL_Driver/Src/stm32f4xx_hal_spi.o
                              0xbcdfb (size before relaxing)

.comment        0x00000000       0x43
 .comment       0x00000000       0x43 ./Core/Src/gpio.o
                                 0x44 (size before relaxing)
 .comment       0x00000043       0x44 ./Core/Src/main.o
 .comment       0x00000043       0x44 ./Core/Src/nrf24l01.o
 .comment       0x00000043       0x44 ./Core/Src/nrf24l01p.o
 .comment       0x00000043       0x44 ./Core/Src/spi.o
 .comment       0x00000043       0x44 ./Core/Src/stm32f4xx_hal_msp.o
 .comment       0x00000043       0x44 ./Core/Src/stm32f4xx_it.o
 .comment       0x00000043       0x44 ./Core/Src/system_stm32f4xx.o
 .comment       0x00000043       0x44 ./Drivers/STM32F4xx_HAL_Driver/Src/stm32f4xx_hal.o
 .comment       0x00000043       0x44 ./Drivers/STM32F4xx_HAL_Driver/Src/stm32f4xx_hal_cortex.o
 .comment       0x00000043       0x44 ./Drivers/STM32F4xx_HAL_Driver/Src/stm32f4xx_hal_gpio.o
 .comment       0x00000043       0x44 ./Drivers/STM32F4xx_HAL_Driver/Src/stm32f4xx_hal_rcc.o
 .comment       0x00000043       0x44 ./Drivers/STM32F4xx_HAL_Driver/Src/stm32f4xx_hal_spi.o

.debug_frame    0x00000000     0x2130
 .debug_frame   0x00000000       0x34 ./Core/Src/gpio.o
 .debug_frame   0x00000034       0x90 ./Core/Src/main.o
 .debug_frame   0x000000c4      0x4fc ./Core/Src/nrf24l01.o
 .debug_frame   0x000005c0      0x484 ./Core/Src/nrf24l01p.o
 .debug_frame   0x00000a44       0x90 ./Core/Src/spi.o
 .debug_frame   0x00000ad4       0x38 ./Core/Src/stm32f4xx_hal_msp.o
 .debug_frame   0x00000b0c      0x13c ./Core/Src/stm32f4xx_it.o
 .debug_frame   0x00000c48       0x58 ./Core/Src/system_stm32f4xx.o
 .debug_frame   0x00000ca0      0x374 ./Drivers/STM32F4xx_HAL_Driver/Src/stm32f4xx_hal.o
 .debug_frame   0x00001014      0x508 ./Drivers/STM32F4xx_HAL_Driver/Src/stm32f4xx_hal_cortex.o
 .debug_frame   0x0000151c      0x14c ./Drivers/STM32F4xx_HAL_Driver/Src/stm32f4xx_hal_gpio.o
 .debug_frame   0x00001668      0x1f4 ./Drivers/STM32F4xx_HAL_Driver/Src/stm32f4xx_hal_rcc.o
 .debug_frame   0x0000185c      0x828 ./Drivers/STM32F4xx_HAL_Driver/Src/stm32f4xx_hal_spi.o
 .debug_frame   0x00002084       0x20 C:/ST/STM32CubeIDE_1.15.0/STM32CubeIDE/plugins/com.st.stm32cube.ide.mcu.externaltools.gnu-tools-for-stm32.12.3.rel1.win32_1.0.100.202403111256/tools/bin/../lib/gcc/arm-none-eabi/12.3.1/../../../../arm-none-eabi/lib/thumb/v7e-m+fp/hard\libc_nano.a(libc_a-memset.o)
 .debug_frame   0x000020a4       0x2c C:/ST/STM32CubeIDE_1.15.0/STM32CubeIDE/plugins/com.st.stm32cube.ide.mcu.externaltools.gnu-tools-for-stm32.12.3.rel1.win32_1.0.100.202403111256/tools/bin/../lib/gcc/arm-none-eabi/12.3.1/../../../../arm-none-eabi/lib/thumb/v7e-m+fp/hard\libc_nano.a(libc_a-init.o)
 .debug_frame   0x000020d0       0x2c C:/ST/STM32CubeIDE_1.15.0/STM32CubeIDE/plugins/com.st.stm32cube.ide.mcu.externaltools.gnu-tools-for-stm32.12.3.rel1.win32_1.0.100.202403111256/tools/bin/../lib/gcc/arm-none-eabi/12.3.1/thumb/v7e-m+fp/hard\libgcc.a(_aeabi_uldivmod.o)
 .debug_frame   0x000020fc       0x34 C:/ST/STM32CubeIDE_1.15.0/STM32CubeIDE/plugins/com.st.stm32cube.ide.mcu.externaltools.gnu-tools-for-stm32.12.3.rel1.win32_1.0.100.202403111256/tools/bin/../lib/gcc/arm-none-eabi/12.3.1/thumb/v7e-m+fp/hard\libgcc.a(_udivmoddi4.o)

.debug_line_str
                0x00000000       0x3f
 .debug_line_str
                0x00000000       0x3f ./Core/Startup/startup_stm32f407vgtx.o
