../Core/Src/nrf24l01p.c:13:13:cs_high	0	static
../Core/Src/nrf24l01p.c:18:13:cs_low	0	static
../Core/Src/nrf24l01p.c:33:16:read_register	32	static
../Core/Src/nrf24l01p.c:47:16:write_register.isra	32	static
../Core/Src/nrf24l01p.c:170:6:nrf24l01p_prx_mode	8	static
../Core/Src/nrf24l01p.c:178:6:nrf24l01p_ptx_mode	8	static
../Core/Src/nrf24l01p.c:186:9:nrf24l01p_read_rx_fifo	32	static
../Core/Src/nrf24l01p.c:199:9:nrf24l01p_write_tx_fifo	32	static
../Core/Src/nrf24l01p.c:113:6:nrf24l01p_tx_transmit	0	static
../Core/Src/nrf24l01p.c:212:6:nrf24l01p_flush_rx_fifo	24	static
../Core/Src/nrf24l01p.c:222:6:nrf24l01p_flush_tx_fifo	24	static
../Core/Src/nrf24l01p.c:139:6:nrf24l01p_reset	8	static
../Core/Src/nrf24l01p.c:232:9:nrf24l01p_get_status	24	static
../Core/Src/nrf24l01p.c:244:9:nrf24l01p_get_fifo_status	0	static
../Core/Src/nrf24l01p.c:249:6:nrf24l01p_rx_set_payload_widths	0	static
../Core/Src/nrf24l01p.c:254:6:nrf24l01p_clear_rx_dr	8	static
../Core/Src/nrf24l01p.c:105:6:nrf24l01p_rx_receive	8	static
../Core/Src/nrf24l01p.c:262:6:nrf24l01p_clear_tx_ds	8	static
../Core/Src/nrf24l01p.c:270:6:nrf24l01p_clear_max_rt	8	static
../Core/Src/nrf24l01p.c:118:6:nrf24l01p_tx_irq	8	static
../Core/Src/nrf24l01p.c:278:6:nrf24l01p_power_up	8	static
../Core/Src/nrf24l01p.c:286:6:nrf24l01p_power_down	8	static
../Core/Src/nrf24l01p.c:294:6:nrf24l01p_set_crc_length	8	static
../Core/Src/nrf24l01p.c:313:6:nrf24l01p_set_address_widths	0	static
../Core/Src/nrf24l01p.c:318:6:nrf24l01p_auto_retransmit_count	8	static
../Core/Src/nrf24l01p.c:328:6:nrf24l01p_auto_retransmit_delay	8	static
../Core/Src/nrf24l01p.c:338:6:nrf24l01p_set_rf_channel	0	static
../Core/Src/nrf24l01p.c:344:6:nrf24l01p_set_rf_tx_output_power	8	static
../Core/Src/nrf24l01p.c:352:6:nrf24l01p_set_rf_air_data_rate	8	static
../Core/Src/nrf24l01p.c:63:6:nrf24l01p_rx_init	16	static
../Core/Src/nrf24l01p.c:85:6:nrf24l01p_tx_init	16	static
